app/admin/votes.tsx(114,25): error TS2345: Argument of type 'any' is not assignable to parameter of type 'never'.
app/index.tsx(202,17): error TS2322: Type '{ title: string; onPress: () => void; className: string; icon: Element; }' is not assignable to type 'IntrinsicAttributes & ButtonProps'.
  Property 'icon' does not exist on type 'IntrinsicAttributes & ButtonProps'.
src/components/AdminGuard.tsx(70,26): error TS2339: Property 'is_admin' does not exist on type 'never'.
src/components/AdminGuard.tsx(71,18): error TS2339: Property 'is_admin' does not exist on type 'never'.
src/components/BarcodeScanner.tsx(72,31): error TS2339: Property 'product_id' does not exist on type 'never'.
src/components/BarcodeScanner.tsx(89,25): error TS2339: Property 'name' does not exist on type 'never'.
src/components/SuggestionCard.tsx(2,26): error TS2307: Cannot find module '../../types/schema' or its corresponding type declarations.
src/scripts/add_bread_category.ts(2,26): error TS2307: Cannot find module '../src/lib/supabase' or its corresponding type declarations.
src/scripts/check_categories.ts(2,26): error TS2307: Cannot find module '../src/lib/supabase' or its corresponding type declarations.
src/scripts/check_categories.ts(17,20): error TS7006: Parameter 'p' implicitly has an 'any' type.
src/scripts/merge_snack_dessert.ts(2,26): error TS2307: Cannot find module '../src/lib/supabase' or its corresponding type declarations.
src/scripts/verify_db.ts(2,26): error TS2307: Cannot find module '../src/lib/supabase' or its corresponding type declarations.
src/scripts/verify_db.ts(24,19): error TS7006: Parameter 'v' implicitly has an 'any' type.
src/scripts/verify_db.ts(33,57): error TS7006: Parameter 'c' implicitly has an 'any' type.
